2026-09-29 16:08:28,052 INFO sglang.srt.disaggregation.pvd.prompt_index: PVD Prompt provisional final step: transfer_id=573e094a-f20d-46c4-ae7f-3dd08b18c42b rank=1 first_page=0 pages=509 heads=14 seconds=0.941713
2026-09-29 16:08:28,056 INFO sglang.srt.disaggregation.pvd.prompt_index: PVD Prompt provisional graph READY: transfer_id=573e094a-f20d-46c4-ae7f-3dd08b18c42b rank=1 pages=509 heads=14 rows_per_head=509
2026-09-29 16:08:28,070 INFO sglang.srt.disaggregation.pvd.prompt_index: PVD Prompt provisional final step: transfer_id=573e094a-f20d-46c4-ae7f-3dd08b18c42b rank=0 first_page=0 pages=509 heads=14 seconds=0.971802
2026-09-29 16:08:28,073 INFO sglang.srt.disaggregation.pvd.prompt_index: PVD Prompt provisional graph READY: transfer_id=573e094a-f20d-46c4-ae7f-3dd08b18c42b rank=0 pages=509 heads=14 rows_per_head=509
2026-09-29 16:08:32,014 INFO sglang.srt.disaggregation.pvd.prompt_index: PVD Prompt provisional final step: transfer_id=6182ef5a-34d1-428e-8b0f-686dfee23268 rank=0 first_page=0 pages=2159 heads=14 seconds=1.364031
2026-09-29 16:08:32,027 INFO sglang.srt.disaggregation.pvd.prompt_index: PVD Prompt provisional graph READY: transfer_id=6182ef5a-34d1-428e-8b0f-686dfee23268 rank=0 pages=2159 heads=14 rows_per_head=2159
2026-09-29 16:08:32,047 INFO sglang.srt.disaggregation.pvd.prompt_index: PVD Prompt provisional final step: transfer_id=6182ef5a-34d1-428e-8b0f-686dfee23268 rank=1 first_page=0 pages=2159 heads=14 seconds=1.372289
2026-09-29 16:08:32,061 INFO sglang.srt.disaggregation.pvd.prompt_index: PVD Prompt provisional graph READY: transfer_id=6182ef5a-34d1-428e-8b0f-686dfee23268 rank=1 pages=2159 heads=14 rows_per_head=2159
2026-09-29 16:08:35,453 INFO sglang.srt.disaggregation.pvd.prompt_index: PVD Prompt provisional final step: transfer_id=88379940-1bee-4eb8-af8c-0bce62e29d6c rank=0 first_page=0 pages=1509 heads=14 seconds=1.031394
2026-09-29 16:08:35,461 INFO sglang.srt.disaggregation.pvd.prompt_index: PVD Prompt provisional graph READY: transfer_id=88379940-1bee-4eb8-af8c-0bce62e29d6c rank=0 pages=1509 heads=14 rows_per_head=1509
2026-09-29 16:08:35,477 INFO sglang.srt.disaggregation.pvd.prompt_index: PVD Prompt provisional final step: transfer_id=88379940-1bee-4eb8-af8c-0bce62e29d6c rank=1 first_page=0 pages=1509 heads=14 seconds=1.037235
2026-09-29 16:08:35,487 INFO sglang.srt.disaggregation.pvd.prompt_index: PVD Prompt provisional graph READY: transfer_id=88379940-1bee-4eb8-af8c-0bce62e29d6c rank=1 pages=1509 heads=14 rows_per_head=1509
2026-09-29 16:08:38,452 INFO sglang.srt.disaggregation.pvd.prompt_index: PVD Prompt provisional final step: transfer_id=cf822891-d220-406b-a797-fa1c977525c2 rank=0 first_page=0 pages=1509 heads=14 seconds=1.056607
2026-09-29 16:08:38,461 INFO sglang.srt.disaggregation.pvd.prompt_index: PVD Prompt provisional graph READY: transfer_id=cf822891-d220-406b-a797-fa1c977525c2 rank=0 pages=1509 heads=14 rows_per_head=1509
2026-09-29 16:08:38,478 INFO sglang.srt.disaggregation.pvd.prompt_index: PVD Prompt provisional final step: transfer_id=cf822891-d220-406b-a797-fa1c977525c2 rank=1 first_page=0 pages=1509 heads=14 seconds=1.065127
2026-09-29 16:08:38,488 INFO sglang.srt.disaggregation.pvd.prompt_index: PVD Prompt provisional graph READY: transfer_id=cf822891-d220-406b-a797-fa1c977525c2 rank=1 pages=1509 heads=14 rows_per_head=1509
2026-09-29 16:08:41,970 INFO sglang.srt.disaggregation.pvd.prompt_index: PVD Prompt provisional final step: transfer_id=3de26d2f-7378-4629-87a6-4d79e5bbf218 rank=0 first_page=0 pages=2159 heads=14 seconds=1.313263
2026-09-29 16:08:41,984 INFO sglang.srt.disaggregation.pvd.prompt_index: PVD Prompt provisional graph READY: transfer_id=3de26d2f-7378-4629-87a6-4d79e5bbf218 rank=0 pages=2159 heads=14 rows_per_head=2159
2026-09-29 16:08:42,003 INFO sglang.srt.disaggregation.pvd.prompt_index: PVD Prompt provisional final step: transfer_id=3de26d2f-7378-4629-87a6-4d79e5bbf218 rank=1 first_page=0 pages=2159 heads=14 seconds=1.315440
2026-09-29 16:08:42,017 INFO sglang.srt.disaggregation.pvd.prompt_index: PVD Prompt provisional graph READY: transfer_id=3de26d2f-7378-4629-87a6-4d79e5bbf218 rank=1 pages=2159 heads=14 rows_per_head=2159
2026-09-29 16:10:22,642 INFO sglang.srt.disaggregation.pvd.prompt_index: PVD Prompt provisional final step: transfer_id=f63cf519-4f3c-49d2-84cf-30d82941b80c rank=0 first_page=0 pages=509 heads=14 seconds=0.770174
2026-09-29 16:10:22,645 INFO sglang.srt.disaggregation.pvd.prompt_index: PVD Prompt provisional graph READY: transfer_id=f63cf519-4f3c-49d2-84cf-30d82941b80c rank=0 pages=509 heads=14 rows_per_head=509
2026-09-29 16:10:22,656 INFO sglang.srt.disaggregation.pvd.prompt_index: PVD Prompt provisional final step: transfer_id=f63cf519-4f3c-49d2-84cf-30d82941b80c rank=1 first_page=0 pages=509 heads=14 seconds=0.772344
2026-09-29 16:10:22,659 INFO sglang.srt.disaggregation.pvd.prompt_index: PVD Prompt provisional graph READY: transfer_id=f63cf519-4f3c-49d2-84cf-30d82941b80c rank=1 pages=509 heads=14 rows_per_head=509
2026-09-29 16:10:25,124 INFO sglang.srt.disaggregation.pvd.prompt_index: PVD Prompt provisional graph: transfer_id=4bc1d0ff-6426-49fa-a800-5158d2ceab3e rank=0 pages=512 first_page=0 heads=14 outcome=built_prefix seconds=0.781627
2026-09-29 16:10:25,130 INFO sglang.srt.disaggregation.pvd.prompt_index: PVD Prompt provisional graph: transfer_id=4bc1d0ff-6426-49fa-a800-5158d2ceab3e rank=1 pages=512 first_page=0 heads=14 outcome=built_prefix seconds=0.781103
2026-09-29 16:10:26,276 INFO sglang.srt.disaggregation.pvd.prompt_index: PVD Prompt provisional final step: transfer_id=4bc1d0ff-6426-49fa-a800-5158d2ceab3e rank=0 first_page=512 pages=2159 heads=14 seconds=1.151397
2026-09-29 16:10:26,325 INFO sglang.srt.disaggregation.pvd.prompt_index: PVD Prompt provisional graph READY: transfer_id=4bc1d0ff-6426-49fa-a800-5158d2ceab3e rank=0 pages=2159 heads=14 rows_per_head=2159
2026-09-29 16:10:26,390 INFO sglang.srt.disaggregation.pvd.prompt_index: PVD Prompt provisional final step: transfer_id=4bc1d0ff-6426-49fa-a800-5158d2ceab3e rank=1 first_page=512 pages=2159 heads=14 seconds=1.259405
2026-09-29 16:10:26,402 INFO sglang.srt.disaggregation.pvd.prompt_index: PVD Prompt provisional graph READY: transfer_id=4bc1d0ff-6426-49fa-a800-5158d2ceab3e rank=1 pages=2159 heads=14 rows_per_head=2159
2026-09-29 16:10:29,592 INFO sglang.srt.disaggregation.pvd.prompt_index: PVD Prompt provisional graph: transfer_id=a8f71705-63ef-4f1a-9021-a332fbeedd5a rank=0 pages=512 first_page=0 heads=14 outcome=built_prefix seconds=1.130533
2026-09-29 16:10:29,769 INFO sglang.srt.disaggregation.pvd.prompt_index: PVD Prompt provisional graph: transfer_id=a8f71705-63ef-4f1a-9021-a332fbeedd5a rank=1 pages=512 first_page=0 heads=14 outcome=built_prefix seconds=1.300423
2026-09-29 16:10:30,142 INFO sglang.srt.disaggregation.pvd.prompt_index: PVD Prompt provisional final step: transfer_id=a8f71705-63ef-4f1a-9021-a332fbeedd5a rank=0 first_page=512 pages=1509 heads=14 seconds=0.548097
2026-09-29 16:10:30,150 INFO sglang.srt.disaggregation.pvd.prompt_index: PVD Prompt provisional graph READY: transfer_id=a8f71705-63ef-4f1a-9021-a332fbeedd5a rank=0 pages=1509 heads=14 rows_per_head=1509
2026-09-29 16:10:30,374 INFO sglang.srt.disaggregation.pvd.prompt_index: PVD Prompt provisional final step: transfer_id=a8f71705-63ef-4f1a-9021-a332fbeedd5a rank=1 first_page=512 pages=1509 heads=14 seconds=0.603631
2026-09-29 16:10:30,382 INFO sglang.srt.disaggregation.pvd.prompt_index: PVD Prompt provisional graph READY: transfer_id=a8f71705-63ef-4f1a-9021-a332fbeedd5a rank=1 pages=1509 heads=14 rows_per_head=1509
2026-09-29 16:10:32,786 INFO sglang.srt.disaggregation.pvd.prompt_index: PVD Prompt provisional graph: transfer_id=304bbd14-eb74-4a95-9e3c-28a5adbb6536 rank=0 pages=512 first_page=0 heads=14 outcome=built_prefix seconds=0.765033
2026-09-29 16:10:32,889 INFO sglang.srt.disaggregation.pvd.prompt_index: PVD Prompt provisional graph: transfer_id=304bbd14-eb74-4a95-9e3c-28a5adbb6536 rank=1 pages=512 first_page=0 heads=14 outcome=built_prefix seconds=0.861285
2026-09-29 16:10:33,301 INFO sglang.srt.disaggregation.pvd.prompt_index: PVD Prompt provisional final step: transfer_id=304bbd14-eb74-4a95-9e3c-28a5adbb6536 rank=0 first_page=512 pages=1509 heads=14 seconds=0.514398
2026-09-29 16:10:33,309 INFO sglang.srt.disaggregation.pvd.prompt_index: PVD Prompt provisional graph READY: transfer_id=304bbd14-eb74-4a95-9e3c-28a5adbb6536 rank=0 pages=1509 heads=14 rows_per_head=1509
2026-09-29 16:10:33,523 INFO sglang.srt.disaggregation.pvd.prompt_index: PVD Prompt provisional final step: transfer_id=304bbd14-eb74-4a95-9e3c-28a5adbb6536 rank=1 first_page=512 pages=1509 heads=14 seconds=0.632350
2026-09-29 16:10:33,531 INFO sglang.srt.disaggregation.pvd.prompt_index: PVD Prompt provisional graph READY: transfer_id=304bbd14-eb74-4a95-9e3c-28a5adbb6536 rank=1 pages=1509 heads=14 rows_per_head=1509
2026-09-29 16:10:35,931 INFO sglang.srt.disaggregation.pvd.prompt_index: PVD Prompt provisional graph: transfer_id=8a4af366-4552-4809-8dde-cb804bb6aaaf rank=0 pages=512 first_page=0 heads=14 outcome=built_prefix seconds=0.780761
2026-09-29 16:10:35,936 INFO sglang.srt.disaggregation.pvd.prompt_index: PVD Prompt provisional graph: transfer_id=8a4af366-4552-4809-8dde-cb804bb6aaaf rank=1 pages=512 first_page=0 heads=14 outcome=built_prefix seconds=0.777970
2026-09-29 16:10:36,791 INFO sglang.srt.disaggregation.pvd.prompt_index: PVD Prompt provisional final step: transfer_id=8a4af366-4552-4809-8dde-cb804bb6aaaf rank=0 first_page=512 pages=2159 heads=14 seconds=0.859740
2026-09-29 16:10:36,836 INFO sglang.srt.disaggregation.pvd.prompt_index: PVD Prompt provisional graph READY: transfer_id=8a4af366-4552-4809-8dde-cb804bb6aaaf rank=0 pages=2159 heads=14 rows_per_head=2159
2026-09-29 16:10:36,968 INFO sglang.srt.disaggregation.pvd.prompt_index: PVD Prompt provisional final step: transfer_id=8a4af366-4552-4809-8dde-cb804bb6aaaf rank=1 first_page=512 pages=2159 heads=14 seconds=1.032066
2026-09-29 16:10:36,980 INFO sglang.srt.disaggregation.pvd.prompt_index: PVD Prompt provisional graph READY: transfer_id=8a4af366-4552-4809-8dde-cb804bb6aaaf rank=1 pages=2159 heads=14 rows_per_head=2159
2026-09-29 16:12:24,905 INFO sglang.srt.disaggregation.pvd.prompt_index: PVD Prompt provisional final step: transfer_id=da763763-5cd4-41c0-ba52-3e76f7c09f67 rank=0 first_page=0 pages=509 heads=14 seconds=0.813402
2026-09-29 16:12:24,909 INFO sglang.srt.disaggregation.pvd.prompt_index: PVD Prompt provisional graph READY: transfer_id=da763763-5cd4-41c0-ba52-3e76f7c09f67 rank=0 pages=509 heads=14 rows_per_head=509
2026-09-29 16:12:24,920 INFO sglang.srt.disaggregation.pvd.prompt_index: PVD Prompt provisional final step: transfer_id=da763763-5cd4-41c0-ba52-3e76f7c09f67 rank=1 first_page=0 pages=509 heads=14 seconds=0.815143
2026-09-29 16:12:24,923 INFO sglang.srt.disaggregation.pvd.prompt_index: PVD Prompt provisional graph READY: transfer_id=da763763-5cd4-41c0-ba52-3e76f7c09f67 rank=1 pages=509 heads=14 rows_per_head=509
2026-09-29 16:12:27,707 INFO sglang.srt.disaggregation.pvd.prompt_index: PVD Prompt provisional graph: transfer_id=8cef1b32-d03c-4b45-8e44-d4f985e63d57 rank=0 pages=1024 first_page=0 heads=14 outcome=built_prefix seconds=0.909435
2026-09-29 16:12:28,043 INFO sglang.srt.disaggregation.pvd.prompt_index: PVD Prompt provisional graph: transfer_id=8cef1b32-d03c-4b45-8e44-d4f985e63d57 rank=1 pages=1024 first_page=0 heads=14 outcome=built_prefix seconds=1.232982
2026-09-29 16:12:28,120 INFO sglang.srt.disaggregation.pvd.prompt_index: PVD Prompt provisional final step: transfer_id=8cef1b32-d03c-4b45-8e44-d4f985e63d57 rank=0 first_page=1024 pages=2159 heads=14 seconds=0.413122
2026-09-29 16:12:28,132 INFO sglang.srt.disaggregation.pvd.prompt_index: PVD Prompt provisional graph READY: transfer_id=8cef1b32-d03c-4b45-8e44-d4f985e63d57 rank=0 pages=2159 heads=14 rows_per_head=2159
2026-09-29 16:12:28,590 INFO sglang.srt.disaggregation.pvd.prompt_index: PVD Prompt provisional final step: transfer_id=8cef1b32-d03c-4b45-8e44-d4f985e63d57 rank=1 first_page=1024 pages=2159 heads=14 seconds=0.547202
2026-09-29 16:12:28,602 INFO sglang.srt.disaggregation.pvd.prompt_index: PVD Prompt provisional graph READY: transfer_id=8cef1b32-d03c-4b45-8e44-d4f985e63d57 rank=1 pages=2159 heads=14 rows_per_head=2159
2026-09-29 16:12:31,692 INFO sglang.srt.disaggregation.pvd.prompt_index: PVD Prompt provisional graph: transfer_id=77674006-0e7c-4bc5-8423-ba74810929b5 rank=0 pages=1024 first_page=0 heads=14 outcome=built_prefix seconds=0.878691
2026-09-29 16:12:31,835 INFO sglang.srt.disaggregation.pvd.prompt_index: PVD Prompt provisional graph: transfer_id=77674006-0e7c-4bc5-8423-ba74810929b5 rank=1 pages=1024 first_page=0 heads=14 outcome=built_prefix seconds=1.008839
2026-09-29 16:12:31,973 INFO sglang.srt.disaggregation.pvd.prompt_index: PVD Prompt provisional final step: transfer_id=77674006-0e7c-4bc5-8423-ba74810929b5 rank=0 first_page=1024 pages=1509 heads=14 seconds=0.279646
2026-09-29 16:12:31,981 INFO sglang.srt.disaggregation.pvd.prompt_index: PVD Prompt provisional graph READY: transfer_id=77674006-0e7c-4bc5-8423-ba74810929b5 rank=0 pages=1509 heads=14 rows_per_head=1509
2026-09-29 16:12:32,218 INFO sglang.srt.disaggregation.pvd.prompt_index: PVD Prompt provisional final step: transfer_id=77674006-0e7c-4bc5-8423-ba74810929b5 rank=1 first_page=1024 pages=1509 heads=14 seconds=0.381919
2026-09-29 16:12:32,226 INFO sglang.srt.disaggregation.pvd.prompt_index: PVD Prompt provisional graph READY: transfer_id=77674006-0e7c-4bc5-8423-ba74810929b5 rank=1 pages=1509 heads=14 rows_per_head=1509
2026-09-29 16:12:34,864 INFO sglang.srt.disaggregation.pvd.prompt_index: PVD Prompt provisional graph: transfer_id=95b576f4-7ef8-4187-84b4-9dc3a7c6eb74 rank=0 pages=1024 first_page=0 heads=14 outcome=built_prefix seconds=0.872211
2026-09-29 16:12:35,109 INFO sglang.srt.disaggregation.pvd.prompt_index: PVD Prompt provisional final step: transfer_id=95b576f4-7ef8-4187-84b4-9dc3a7c6eb74 rank=0 first_page=1024 pages=1509 heads=14 seconds=0.244048
2026-09-29 16:12:35,117 INFO sglang.srt.disaggregation.pvd.prompt_index: PVD Prompt provisional graph READY: transfer_id=95b576f4-7ef8-4187-84b4-9dc3a7c6eb74 rank=0 pages=1509 heads=14 rows_per_head=1509
2026-09-29 16:12:35,119 INFO sglang.srt.disaggregation.pvd.prompt_index: PVD Prompt provisional graph: transfer_id=95b576f4-7ef8-4187-84b4-9dc3a7c6eb74 rank=1 pages=1024 first_page=0 heads=14 outcome=built_prefix seconds=1.113762
2026-09-29 16:12:35,336 INFO sglang.srt.disaggregation.pvd.prompt_index: PVD Prompt provisional final step: transfer_id=95b576f4-7ef8-4187-84b4-9dc3a7c6eb74 rank=1 first_page=1024 pages=1509 heads=14 seconds=0.216606
2026-09-29 16:12:35,344 INFO sglang.srt.disaggregation.pvd.prompt_index: PVD Prompt provisional graph READY: transfer_id=95b576f4-7ef8-4187-84b4-9dc3a7c6eb74 rank=1 pages=1509 heads=14 rows_per_head=1509
2026-09-29 16:12:38,017 INFO sglang.srt.disaggregation.pvd.prompt_index: PVD Prompt provisional graph: transfer_id=e5c2431d-a13a-40c6-905b-c4dda9702cef rank=0 pages=1024 first_page=0 heads=14 outcome=built_prefix seconds=0.899730
2026-09-29 16:12:38,386 INFO sglang.srt.disaggregation.pvd.prompt_index: PVD Prompt provisional final step: transfer_id=e5c2431d-a13a-40c6-905b-c4dda9702cef rank=0 first_page=1024 pages=2159 heads=14 seconds=0.368132
2026-09-29 16:12:38,399 INFO sglang.srt.disaggregation.pvd.prompt_index: PVD Prompt provisional graph READY: transfer_id=e5c2431d-a13a-40c6-905b-c4dda9702cef rank=0 pages=2159 heads=14 rows_per_head=2159
2026-09-29 16:12:38,401 INFO sglang.srt.disaggregation.pvd.prompt_index: PVD Prompt provisional graph: transfer_id=e5c2431d-a13a-40c6-905b-c4dda9702cef rank=1 pages=1024 first_page=0 heads=14 outcome=built_prefix seconds=1.270358
2026-09-29 16:12:38,824 INFO sglang.srt.disaggregation.pvd.prompt_index: PVD Prompt provisional final step: transfer_id=e5c2431d-a13a-40c6-905b-c4dda9702cef rank=1 first_page=1024 pages=2159 heads=14 seconds=0.422843
2026-09-29 16:12:38,836 INFO sglang.srt.disaggregation.pvd.prompt_index: PVD Prompt provisional graph READY: transfer_id=e5c2431d-a13a-40c6-905b-c4dda9702cef rank=1 pages=2159 heads=14 rows_per_head=2159
2026-09-29 16:14:40,857 INFO sglang.srt.disaggregation.pvd.prompt_index: PVD Prompt provisional final step: transfer_id=f9fa603c-6735-4ebd-9067-61074af55b74 rank=0 first_page=0 pages=509 heads=14 seconds=0.820694
2026-09-29 16:14:40,861 INFO sglang.srt.disaggregation.pvd.prompt_index: PVD Prompt provisional graph READY: transfer_id=f9fa603c-6735-4ebd-9067-61074af55b74 rank=0 pages=509 heads=14 rows_per_head=509
2026-09-29 16:14:40,870 INFO sglang.srt.disaggregation.pvd.prompt_index: PVD Prompt provisional final step: transfer_id=f9fa603c-6735-4ebd-9067-61074af55b74 rank=1 first_page=0 pages=509 heads=14 seconds=0.819666
2026-09-29 16:14:40,873 INFO sglang.srt.disaggregation.pvd.prompt_index: PVD Prompt provisional graph READY: transfer_id=f9fa603c-6735-4ebd-9067-61074af55b74 rank=1 pages=509 heads=14 rows_per_head=509
2026-09-29 16:14:44,010 INFO sglang.srt.disaggregation.pvd.prompt_index: PVD Prompt provisional graph: transfer_id=2747a8e7-5f81-4389-adde-13f8c202d341 rank=0 pages=1536 first_page=0 heads=14 outcome=built_prefix seconds=1.101672
2026-09-29 16:14:44,267 INFO sglang.srt.disaggregation.pvd.prompt_index: PVD Prompt provisional final step: transfer_id=2747a8e7-5f81-4389-adde-13f8c202d341 rank=0 first_page=1536 pages=2159 heads=14 seconds=0.256847
2026-09-29 16:14:44,280 INFO sglang.srt.disaggregation.pvd.prompt_index: PVD Prompt provisional graph READY: transfer_id=2747a8e7-5f81-4389-adde-13f8c202d341 rank=0 pages=2159 heads=14 rows_per_head=2159
2026-09-29 16:14:44,286 INFO sglang.srt.disaggregation.pvd.prompt_index: PVD Prompt provisional graph: transfer_id=2747a8e7-5f81-4389-adde-13f8c202d341 rank=1 pages=1536 first_page=0 heads=14 outcome=built_prefix seconds=1.358683
2026-09-29 16:14:44,531 INFO sglang.srt.disaggregation.pvd.prompt_index: PVD Prompt provisional final step: transfer_id=2747a8e7-5f81-4389-adde-13f8c202d341 rank=1 first_page=1536 pages=2159 heads=14 seconds=0.245191
2026-09-29 16:14:44,543 INFO sglang.srt.disaggregation.pvd.prompt_index: PVD Prompt provisional graph READY: transfer_id=2747a8e7-5f81-4389-adde-13f8c202d341 rank=1 pages=2159 heads=14 rows_per_head=2159
2026-09-29 16:14:48,019 INFO sglang.srt.disaggregation.pvd.prompt_index: PVD Prompt provisional graph: transfer_id=58773864-69dd-4ced-8285-a3691b68c70c rank=0 pages=1536 first_page=0 heads=14 outcome=built_prefix seconds=1.067352
2026-09-29 16:14:48,300 INFO sglang.srt.disaggregation.pvd.prompt_index: PVD Prompt provisional final step: transfer_id=58773864-69dd-4ced-8285-a3691b68c70c rank=0 first_page=1536 pages=2159 heads=14 seconds=0.280208
2026-09-29 16:14:48,312 INFO sglang.srt.disaggregation.pvd.prompt_index: PVD Prompt provisional graph READY: transfer_id=58773864-69dd-4ced-8285-a3691b68c70c rank=0 pages=2159 heads=14 rows_per_head=2159
2026-09-29 16:14:48,319 INFO sglang.srt.disaggregation.pvd.prompt_index: PVD Prompt provisional graph: transfer_id=58773864-69dd-4ced-8285-a3691b68c70c rank=1 pages=1536 first_page=0 heads=14 outcome=built_prefix seconds=1.350189
2026-09-29 16:14:48,558 INFO sglang.srt.disaggregation.pvd.prompt_index: PVD Prompt provisional final step: transfer_id=58773864-69dd-4ced-8285-a3691b68c70c rank=1 first_page=1536 pages=2159 heads=14 seconds=0.238793
2026-09-29 16:14:48,570 INFO sglang.srt.disaggregation.pvd.prompt_index: PVD Prompt provisional graph READY: transfer_id=58773864-69dd-4ced-8285-a3691b68c70c rank=1 pages=2159 heads=14 rows_per_head=2159
