2026-09-29 15:19:16,592 INFO sglang.srt.disaggregation.pvd.prompt_index: PVD Prompt provisional graph: transfer_id=e29c8102-6dfe-4d08-9980-1079b8f76577 rank=0 pages=512 first_page=0 heads=14 outcome=built_prefix seconds=1.041366
2026-09-29 15:19:16,602 INFO sglang.srt.disaggregation.pvd.prompt_index: PVD Prompt provisional graph: transfer_id=e29c8102-6dfe-4d08-9980-1079b8f76577 rank=1 pages=512 first_page=0 heads=14 outcome=built_prefix seconds=1.039225
2026-09-29 15:19:17,767 INFO sglang.srt.disaggregation.pvd.prompt_index: PVD Prompt provisional final step: transfer_id=e29c8102-6dfe-4d08-9980-1079b8f76577 rank=0 first_page=512 pages=2159 heads=14 seconds=1.174384
2026-09-29 15:19:17,780 INFO sglang.srt.disaggregation.pvd.prompt_index: PVD Prompt provisional graph READY: transfer_id=e29c8102-6dfe-4d08-9980-1079b8f76577 rank=0 pages=2159 heads=14 rows_per_head=2159
2026-09-29 15:19:18,091 INFO sglang.srt.disaggregation.pvd.prompt_index: PVD Prompt provisional final step: transfer_id=e29c8102-6dfe-4d08-9980-1079b8f76577 rank=1 first_page=512 pages=2159 heads=14 seconds=1.488219
2026-09-29 15:19:18,104 INFO sglang.srt.disaggregation.pvd.prompt_index: PVD Prompt provisional graph READY: transfer_id=e29c8102-6dfe-4d08-9980-1079b8f76577 rank=1 pages=2159 heads=14 rows_per_head=2159
2026-09-29 15:21:19,237 INFO sglang.srt.disaggregation.pvd.prompt_index: PVD Prompt provisional graph: transfer_id=ea5ff12a-2217-4829-a9aa-3c64716f5100 rank=0 pages=512 first_page=0 heads=14 outcome=built_prefix seconds=0.829901
2026-09-29 15:21:19,242 INFO sglang.srt.disaggregation.pvd.prompt_index: PVD Prompt provisional graph: transfer_id=ea5ff12a-2217-4829-a9aa-3c64716f5100 rank=1 pages=512 first_page=0 heads=14 outcome=built_prefix seconds=0.828481
2026-09-29 15:21:20,196 INFO sglang.srt.disaggregation.pvd.prompt_index: PVD Prompt provisional final step: transfer_id=ea5ff12a-2217-4829-a9aa-3c64716f5100 rank=0 first_page=512 pages=2159 heads=14 seconds=0.958910
2026-09-29 15:21:20,209 INFO sglang.srt.disaggregation.pvd.prompt_index: PVD Prompt provisional graph READY: transfer_id=ea5ff12a-2217-4829-a9aa-3c64716f5100 rank=0 pages=2159 heads=14 rows_per_head=2159
2026-09-29 15:21:20,380 INFO sglang.srt.disaggregation.pvd.prompt_index: PVD Prompt provisional final step: transfer_id=ea5ff12a-2217-4829-a9aa-3c64716f5100 rank=1 first_page=512 pages=2159 heads=14 seconds=1.137162
2026-09-29 15:21:20,393 INFO sglang.srt.disaggregation.pvd.prompt_index: PVD Prompt provisional graph READY: transfer_id=ea5ff12a-2217-4829-a9aa-3c64716f5100 rank=1 pages=2159 heads=14 rows_per_head=2159
2026-09-29 15:22:02,542 INFO sglang.srt.disaggregation.pvd.prompt_index: PVD Prompt provisional graph: transfer_id=1eb84cb6-a70e-40c2-a1b4-a1c3b8ce0f1f rank=0 pages=512 first_page=0 heads=14 outcome=built_prefix seconds=0.790300
2026-09-29 15:22:02,547 INFO sglang.srt.disaggregation.pvd.prompt_index: PVD Prompt provisional graph: transfer_id=1eb84cb6-a70e-40c2-a1b4-a1c3b8ce0f1f rank=1 pages=512 first_page=0 heads=14 outcome=built_prefix seconds=0.788164
2026-09-29 15:22:02,962 INFO sglang.srt.disaggregation.pvd.prompt_index: PVD Prompt provisional final step: transfer_id=1eb84cb6-a70e-40c2-a1b4-a1c3b8ce0f1f rank=0 first_page=512 pages=1009 heads=14 seconds=0.419184
2026-09-29 15:22:02,968 INFO sglang.srt.disaggregation.pvd.prompt_index: PVD Prompt provisional graph READY: transfer_id=1eb84cb6-a70e-40c2-a1b4-a1c3b8ce0f1f rank=0 pages=1009 heads=14 rows_per_head=1009
2026-09-29 15:22:03,066 INFO sglang.srt.disaggregation.pvd.prompt_index: PVD Prompt provisional final step: transfer_id=1eb84cb6-a70e-40c2-a1b4-a1c3b8ce0f1f rank=1 first_page=512 pages=1009 heads=14 seconds=0.518973
2026-09-29 15:22:03,073 INFO sglang.srt.disaggregation.pvd.prompt_index: PVD Prompt provisional graph READY: transfer_id=1eb84cb6-a70e-40c2-a1b4-a1c3b8ce0f1f rank=1 pages=1009 heads=14 rows_per_head=1009
2026-09-29 15:22:04,527 INFO sglang.srt.disaggregation.pvd.prompt_index: PVD Prompt provisional graph: transfer_id=17db7931-aab1-4338-a2a5-fb80068324ab rank=0 pages=512 first_page=0 heads=14 outcome=built_prefix seconds=0.804629
2026-09-29 15:22:04,532 INFO sglang.srt.disaggregation.pvd.prompt_index: PVD Prompt provisional graph: transfer_id=17db7931-aab1-4338-a2a5-fb80068324ab rank=1 pages=512 first_page=0 heads=14 outcome=built_prefix seconds=0.802619
2026-09-29 15:22:05,098 INFO sglang.srt.disaggregation.pvd.prompt_index: PVD Prompt provisional final step: transfer_id=17db7931-aab1-4338-a2a5-fb80068324ab rank=0 first_page=512 pages=1509 heads=14 seconds=0.570386
2026-09-29 15:22:05,133 INFO sglang.srt.disaggregation.pvd.prompt_index: PVD Prompt provisional graph READY: transfer_id=17db7931-aab1-4338-a2a5-fb80068324ab rank=0 pages=1509 heads=14 rows_per_head=1509
2026-09-29 15:22:05,307 INFO sglang.srt.disaggregation.pvd.prompt_index: PVD Prompt provisional final step: transfer_id=17db7931-aab1-4338-a2a5-fb80068324ab rank=1 first_page=512 pages=1509 heads=14 seconds=0.774002
2026-09-29 15:22:05,316 INFO sglang.srt.disaggregation.pvd.prompt_index: PVD Prompt provisional graph READY: transfer_id=17db7931-aab1-4338-a2a5-fb80068324ab rank=1 pages=1509 heads=14 rows_per_head=1509
2026-09-29 15:22:06,763 INFO sglang.srt.disaggregation.pvd.prompt_index: PVD Prompt provisional final step: transfer_id=ffaba342-48b2-4785-a51f-3ef9561ac331 rank=0 first_page=0 pages=509 heads=14 seconds=0.790130
2026-09-29 15:22:06,767 INFO sglang.srt.disaggregation.pvd.prompt_index: PVD Prompt provisional graph READY: transfer_id=ffaba342-48b2-4785-a51f-3ef9561ac331 rank=0 pages=509 heads=14 rows_per_head=509
2026-09-29 15:22:06,781 INFO sglang.srt.disaggregation.pvd.prompt_index: PVD Prompt provisional final step: transfer_id=ffaba342-48b2-4785-a51f-3ef9561ac331 rank=1 first_page=0 pages=509 heads=14 seconds=0.798703
2026-09-29 15:22:06,784 INFO sglang.srt.disaggregation.pvd.prompt_index: PVD Prompt provisional graph READY: transfer_id=ffaba342-48b2-4785-a51f-3ef9561ac331 rank=1 pages=509 heads=14 rows_per_head=509
2026-09-29 15:24:50,515 INFO sglang.srt.disaggregation.pvd.prompt_index: PVD Prompt provisional final step: transfer_id=9bd6201e-6199-4993-a2d2-3365ea39750a rank=0 first_page=0 pages=2159 heads=14 seconds=1.390477
2026-09-29 15:24:50,528 INFO sglang.srt.disaggregation.pvd.prompt_index: PVD Prompt provisional graph READY: transfer_id=9bd6201e-6199-4993-a2d2-3365ea39750a rank=0 pages=2159 heads=14 rows_per_head=2159
2026-09-29 15:24:50,591 INFO sglang.srt.disaggregation.pvd.prompt_index: PVD Prompt provisional final step: transfer_id=9bd6201e-6199-4993-a2d2-3365ea39750a rank=1 first_page=0 pages=2159 heads=14 seconds=1.436122
2026-09-29 15:24:50,606 INFO sglang.srt.disaggregation.pvd.prompt_index: PVD Prompt provisional graph READY: transfer_id=9bd6201e-6199-4993-a2d2-3365ea39750a rank=1 pages=2159 heads=14 rows_per_head=2159
2026-09-29 15:24:52,093 INFO sglang.srt.disaggregation.pvd.prompt_index: PVD Prompt provisional final step: transfer_id=e0db152d-dcec-4328-9635-8ee9642b92c1 rank=0 first_page=0 pages=509 heads=14 seconds=0.796350
2026-09-29 15:24:52,096 INFO sglang.srt.disaggregation.pvd.prompt_index: PVD Prompt provisional graph READY: transfer_id=e0db152d-dcec-4328-9635-8ee9642b92c1 rank=0 pages=509 heads=14 rows_per_head=509
2026-09-29 15:24:52,105 INFO sglang.srt.disaggregation.pvd.prompt_index: PVD Prompt provisional final step: transfer_id=e0db152d-dcec-4328-9635-8ee9642b92c1 rank=1 first_page=0 pages=509 heads=14 seconds=0.802200
2026-09-29 15:24:52,109 INFO sglang.srt.disaggregation.pvd.prompt_index: PVD Prompt provisional graph READY: transfer_id=e0db152d-dcec-4328-9635-8ee9642b92c1 rank=1 pages=509 heads=14 rows_per_head=509
2026-09-29 15:24:54,117 INFO sglang.srt.disaggregation.pvd.prompt_index: PVD Prompt provisional final step: transfer_id=edf97354-68f7-4a98-abcc-83d9d12259d0 rank=0 first_page=0 pages=1509 heads=14 seconds=1.075406
2026-09-29 15:24:54,126 INFO sglang.srt.disaggregation.pvd.prompt_index: PVD Prompt provisional graph READY: transfer_id=edf97354-68f7-4a98-abcc-83d9d12259d0 rank=0 pages=1509 heads=14 rows_per_head=1509
2026-09-29 15:24:54,141 INFO sglang.srt.disaggregation.pvd.prompt_index: PVD Prompt provisional final step: transfer_id=edf97354-68f7-4a98-abcc-83d9d12259d0 rank=1 first_page=0 pages=1509 heads=14 seconds=1.081183
2026-09-29 15:24:54,150 INFO sglang.srt.disaggregation.pvd.prompt_index: PVD Prompt provisional graph READY: transfer_id=edf97354-68f7-4a98-abcc-83d9d12259d0 rank=1 pages=1509 heads=14 rows_per_head=1509
2026-09-29 15:24:56,732 INFO sglang.srt.disaggregation.pvd.prompt_index: PVD Prompt provisional final step: transfer_id=49ce8fd8-0835-46d9-a712-7659fe460e73 rank=0 first_page=0 pages=1009 heads=14 seconds=0.924293
2026-09-29 15:24:56,739 INFO sglang.srt.disaggregation.pvd.prompt_index: PVD Prompt provisional graph READY: transfer_id=49ce8fd8-0835-46d9-a712-7659fe460e73 rank=0 pages=1009 heads=14 rows_per_head=1009
2026-09-29 15:24:56,758 INFO sglang.srt.disaggregation.pvd.prompt_index: PVD Prompt provisional final step: transfer_id=49ce8fd8-0835-46d9-a712-7659fe460e73 rank=1 first_page=0 pages=1009 heads=14 seconds=0.937204
2026-09-29 15:24:56,764 INFO sglang.srt.disaggregation.pvd.prompt_index: PVD Prompt provisional graph READY: transfer_id=49ce8fd8-0835-46d9-a712-7659fe460e73 rank=1 pages=1009 heads=14 rows_per_head=1009
2026-09-29 15:24:58,424 INFO sglang.srt.disaggregation.pvd.prompt_index: PVD Prompt provisional final step: transfer_id=984afb57-dcfa-449d-a5f7-fcfc87c2bef3 rank=0 first_page=0 pages=1009 heads=14 seconds=0.910954
2026-09-29 15:24:58,431 INFO sglang.srt.disaggregation.pvd.prompt_index: PVD Prompt provisional graph READY: transfer_id=984afb57-dcfa-449d-a5f7-fcfc87c2bef3 rank=0 pages=1009 heads=14 rows_per_head=1009
2026-09-29 15:24:58,447 INFO sglang.srt.disaggregation.pvd.prompt_index: PVD Prompt provisional final step: transfer_id=984afb57-dcfa-449d-a5f7-fcfc87c2bef3 rank=1 first_page=0 pages=1009 heads=14 seconds=0.921683
2026-09-29 15:24:58,453 INFO sglang.srt.disaggregation.pvd.prompt_index: PVD Prompt provisional graph READY: transfer_id=984afb57-dcfa-449d-a5f7-fcfc87c2bef3 rank=1 pages=1009 heads=14 rows_per_head=1009
2026-09-29 15:25:00,434 INFO sglang.srt.disaggregation.pvd.prompt_index: PVD Prompt provisional final step: transfer_id=bc78d82e-8c9a-4a69-9a33-975d013bbba9 rank=0 first_page=0 pages=1509 heads=14 seconds=1.051043
2026-09-29 15:25:00,444 INFO sglang.srt.disaggregation.pvd.prompt_index: PVD Prompt provisional graph READY: transfer_id=bc78d82e-8c9a-4a69-9a33-975d013bbba9 rank=0 pages=1509 heads=14 rows_per_head=1509
2026-09-29 15:25:00,459 INFO sglang.srt.disaggregation.pvd.prompt_index: PVD Prompt provisional final step: transfer_id=bc78d82e-8c9a-4a69-9a33-975d013bbba9 rank=1 first_page=0 pages=1509 heads=14 seconds=1.058409
2026-09-29 15:25:00,469 INFO sglang.srt.disaggregation.pvd.prompt_index: PVD Prompt provisional graph READY: transfer_id=bc78d82e-8c9a-4a69-9a33-975d013bbba9 rank=1 pages=1509 heads=14 rows_per_head=1509
2026-09-29 15:25:02,811 INFO sglang.srt.disaggregation.pvd.prompt_index: PVD Prompt provisional final step: transfer_id=ed35bb8e-8a35-451e-bfa9-ae4e4fd36048 rank=0 first_page=0 pages=509 heads=14 seconds=0.820481
2026-09-29 15:25:02,814 INFO sglang.srt.disaggregation.pvd.prompt_index: PVD Prompt provisional graph READY: transfer_id=ed35bb8e-8a35-451e-bfa9-ae4e4fd36048 rank=0 pages=509 heads=14 rows_per_head=509
2026-09-29 15:25:02,820 INFO sglang.srt.disaggregation.pvd.prompt_index: PVD Prompt provisional final step: transfer_id=ed35bb8e-8a35-451e-bfa9-ae4e4fd36048 rank=1 first_page=0 pages=509 heads=14 seconds=0.824081
2026-09-29 15:25:02,823 INFO sglang.srt.disaggregation.pvd.prompt_index: PVD Prompt provisional graph READY: transfer_id=ed35bb8e-8a35-451e-bfa9-ae4e4fd36048 rank=1 pages=509 heads=14 rows_per_head=509
2026-09-29 15:25:05,364 INFO sglang.srt.disaggregation.pvd.prompt_index: PVD Prompt provisional final step: transfer_id=75a57f42-2aaf-4732-9301-9e56078e03e7 rank=0 first_page=0 pages=2159 heads=14 seconds=1.375927
2026-09-29 15:25:05,376 INFO sglang.srt.disaggregation.pvd.prompt_index: PVD Prompt provisional graph READY: transfer_id=75a57f42-2aaf-4732-9301-9e56078e03e7 rank=0 pages=2159 heads=14 rows_per_head=2159
2026-09-29 15:25:05,430 INFO sglang.srt.disaggregation.pvd.prompt_index: PVD Prompt provisional final step: transfer_id=75a57f42-2aaf-4732-9301-9e56078e03e7 rank=1 first_page=0 pages=2159 heads=14 seconds=1.412166
2026-09-29 15:25:05,443 INFO sglang.srt.disaggregation.pvd.prompt_index: PVD Prompt provisional graph READY: transfer_id=75a57f42-2aaf-4732-9301-9e56078e03e7 rank=1 pages=2159 heads=14 rows_per_head=2159
2026-09-29 15:27:56,233 INFO sglang.srt.disaggregation.pvd.prompt_index: PVD Prompt provisional final step: transfer_id=24d118a6-6007-45a7-adb6-a6d4b7d9db3f rank=0 first_page=0 pages=2159 heads=14 seconds=1.353371
2026-09-29 15:27:56,245 INFO sglang.srt.disaggregation.pvd.prompt_index: PVD Prompt provisional graph READY: transfer_id=24d118a6-6007-45a7-adb6-a6d4b7d9db3f rank=0 pages=2159 heads=14 rows_per_head=2159
2026-09-29 15:27:56,266 INFO sglang.srt.disaggregation.pvd.prompt_index: PVD Prompt provisional final step: transfer_id=24d118a6-6007-45a7-adb6-a6d4b7d9db3f rank=1 first_page=0 pages=2159 heads=14 seconds=1.362775
2026-09-29 15:27:56,278 INFO sglang.srt.disaggregation.pvd.prompt_index: PVD Prompt provisional graph READY: transfer_id=24d118a6-6007-45a7-adb6-a6d4b7d9db3f rank=1 pages=2159 heads=14 rows_per_head=2159
2026-09-29 15:27:59,801 INFO sglang.srt.disaggregation.pvd.prompt_index: PVD Prompt provisional final step: transfer_id=c1a4eb8c-1d23-4d36-8531-44976c519312 rank=0 first_page=0 pages=509 heads=14 seconds=0.899955
2026-09-29 15:27:59,804 INFO sglang.srt.disaggregation.pvd.prompt_index: PVD Prompt provisional graph READY: transfer_id=c1a4eb8c-1d23-4d36-8531-44976c519312 rank=0 pages=509 heads=14 rows_per_head=509
2026-09-29 15:27:59,811 INFO sglang.srt.disaggregation.pvd.prompt_index: PVD Prompt provisional final step: transfer_id=c1a4eb8c-1d23-4d36-8531-44976c519312 rank=1 first_page=0 pages=509 heads=14 seconds=0.902939
2026-09-29 15:27:59,814 INFO sglang.srt.disaggregation.pvd.prompt_index: PVD Prompt provisional graph READY: transfer_id=c1a4eb8c-1d23-4d36-8531-44976c519312 rank=1 pages=509 heads=14 rows_per_head=509
2026-09-29 15:28:02,502 INFO sglang.srt.disaggregation.pvd.prompt_index: PVD Prompt provisional final step: transfer_id=a785d7b4-7888-4d56-b2f7-35851cb751ae rank=1 first_page=0 pages=1509 heads=14 seconds=1.267816
2026-09-29 15:28:02,513 INFO sglang.srt.disaggregation.pvd.prompt_index: PVD Prompt provisional graph READY: transfer_id=a785d7b4-7888-4d56-b2f7-35851cb751ae rank=1 pages=1509 heads=14 rows_per_head=1509
2026-09-29 15:28:02,521 INFO sglang.srt.disaggregation.pvd.prompt_index: PVD Prompt provisional final step: transfer_id=a785d7b4-7888-4d56-b2f7-35851cb751ae rank=0 first_page=0 pages=1509 heads=14 seconds=1.305691
2026-09-29 15:28:02,530 INFO sglang.srt.disaggregation.pvd.prompt_index: PVD Prompt provisional graph READY: transfer_id=a785d7b4-7888-4d56-b2f7-35851cb751ae rank=0 pages=1509 heads=14 rows_per_head=1509
2026-09-29 15:28:05,244 INFO sglang.srt.disaggregation.pvd.prompt_index: PVD Prompt provisional final step: transfer_id=ea6f8870-6582-4a48-8ed2-d78e1e9351c6 rank=0 first_page=0 pages=1009 heads=14 seconds=0.976683
2026-09-29 15:28:05,251 INFO sglang.srt.disaggregation.pvd.prompt_index: PVD Prompt provisional graph READY: transfer_id=ea6f8870-6582-4a48-8ed2-d78e1e9351c6 rank=0 pages=1009 heads=14 rows_per_head=1009
2026-09-29 15:28:05,261 INFO sglang.srt.disaggregation.pvd.prompt_index: PVD Prompt provisional final step: transfer_id=ea6f8870-6582-4a48-8ed2-d78e1e9351c6 rank=1 first_page=0 pages=1009 heads=14 seconds=0.980394
2026-09-29 15:28:05,267 INFO sglang.srt.disaggregation.pvd.prompt_index: PVD Prompt provisional graph READY: transfer_id=ea6f8870-6582-4a48-8ed2-d78e1e9351c6 rank=1 pages=1009 heads=14 rows_per_head=1009
2026-09-29 15:28:07,641 INFO sglang.srt.disaggregation.pvd.prompt_index: PVD Prompt provisional final step: transfer_id=e32dadf2-62df-4767-806b-e711d938b08e rank=0 first_page=0 pages=1009 heads=14 seconds=0.886964
2026-09-29 15:28:07,648 INFO sglang.srt.disaggregation.pvd.prompt_index: PVD Prompt provisional graph READY: transfer_id=e32dadf2-62df-4767-806b-e711d938b08e rank=0 pages=1009 heads=14 rows_per_head=1009
2026-09-29 15:28:07,658 INFO sglang.srt.disaggregation.pvd.prompt_index: PVD Prompt provisional final step: transfer_id=e32dadf2-62df-4767-806b-e711d938b08e rank=1 first_page=0 pages=1009 heads=14 seconds=0.890994
2026-09-29 15:28:07,664 INFO sglang.srt.disaggregation.pvd.prompt_index: PVD Prompt provisional graph READY: transfer_id=e32dadf2-62df-4767-806b-e711d938b08e rank=1 pages=1009 heads=14 rows_per_head=1009
2026-09-29 15:28:10,341 INFO sglang.srt.disaggregation.pvd.prompt_index: PVD Prompt provisional final step: transfer_id=2e87a4f7-b7a5-4196-8a17-8eb066b5ab25 rank=0 first_page=0 pages=1509 heads=14 seconds=1.094419
2026-09-29 15:28:10,350 INFO sglang.srt.disaggregation.pvd.prompt_index: PVD Prompt provisional graph READY: transfer_id=2e87a4f7-b7a5-4196-8a17-8eb066b5ab25 rank=0 pages=1509 heads=14 rows_per_head=1509
2026-09-29 15:28:10,363 INFO sglang.srt.disaggregation.pvd.prompt_index: PVD Prompt provisional final step: transfer_id=2e87a4f7-b7a5-4196-8a17-8eb066b5ab25 rank=1 first_page=0 pages=1509 heads=14 seconds=1.098568
2026-09-29 15:28:10,371 INFO sglang.srt.disaggregation.pvd.prompt_index: PVD Prompt provisional graph READY: transfer_id=2e87a4f7-b7a5-4196-8a17-8eb066b5ab25 rank=1 pages=1509 heads=14 rows_per_head=1509
2026-09-29 15:28:12,684 INFO sglang.srt.disaggregation.pvd.prompt_index: PVD Prompt provisional final step: transfer_id=c5b92775-86cf-4e98-98f0-b01f628fb0d5 rank=0 first_page=0 pages=509 heads=14 seconds=0.727005
2026-09-29 15:28:12,687 INFO sglang.srt.disaggregation.pvd.prompt_index: PVD Prompt provisional graph READY: transfer_id=c5b92775-86cf-4e98-98f0-b01f628fb0d5 rank=0 pages=509 heads=14 rows_per_head=509
2026-09-29 15:28:12,706 INFO sglang.srt.disaggregation.pvd.prompt_index: PVD Prompt provisional final step: transfer_id=c5b92775-86cf-4e98-98f0-b01f628fb0d5 rank=1 first_page=0 pages=509 heads=14 seconds=0.742215
2026-09-29 15:28:12,709 INFO sglang.srt.disaggregation.pvd.prompt_index: PVD Prompt provisional graph READY: transfer_id=c5b92775-86cf-4e98-98f0-b01f628fb0d5 rank=1 pages=509 heads=14 rows_per_head=509
2026-09-29 15:28:15,696 INFO sglang.srt.disaggregation.pvd.prompt_index: PVD Prompt provisional final step: transfer_id=a258fc0f-fa1f-4839-92e9-b7872559e292 rank=0 first_page=0 pages=2159 heads=14 seconds=1.331404
2026-09-29 15:28:15,709 INFO sglang.srt.disaggregation.pvd.prompt_index: PVD Prompt provisional graph READY: transfer_id=a258fc0f-fa1f-4839-92e9-b7872559e292 rank=0 pages=2159 heads=14 rows_per_head=2159
2026-09-29 15:28:15,730 INFO sglang.srt.disaggregation.pvd.prompt_index: PVD Prompt provisional final step: transfer_id=a258fc0f-fa1f-4839-92e9-b7872559e292 rank=1 first_page=0 pages=2159 heads=14 seconds=1.334891
2026-09-29 15:28:15,742 INFO sglang.srt.disaggregation.pvd.prompt_index: PVD Prompt provisional graph READY: transfer_id=a258fc0f-fa1f-4839-92e9-b7872559e292 rank=1 pages=2159 heads=14 rows_per_head=2159
2026-09-29 15:30:12,119 INFO sglang.srt.disaggregation.pvd.prompt_index: PVD Prompt provisional graph: transfer_id=2e4befd6-a59c-4a0b-8699-aed0e37ea133 rank=0 pages=2048 first_page=0 heads=14 outcome=built_prefix seconds=1.303965
2026-09-29 15:30:12,209 INFO sglang.srt.disaggregation.pvd.prompt_index: PVD Prompt provisional graph: transfer_id=2e4befd6-a59c-4a0b-8699-aed0e37ea133 rank=1 pages=2048 first_page=0 heads=14 outcome=built_prefix seconds=1.363770
2026-09-29 15:30:12,307 INFO sglang.srt.disaggregation.pvd.prompt_index: PVD Prompt provisional final step: transfer_id=2e4befd6-a59c-4a0b-8699-aed0e37ea133 rank=0 first_page=2048 pages=2159 heads=14 seconds=0.187616
2026-09-29 15:30:12,329 INFO sglang.srt.disaggregation.pvd.prompt_index: PVD Prompt provisional graph READY: transfer_id=2e4befd6-a59c-4a0b-8699-aed0e37ea133 rank=0 pages=2159 heads=14 rows_per_head=2159
2026-09-29 15:30:12,432 INFO sglang.srt.disaggregation.pvd.prompt_index: PVD Prompt provisional final step: transfer_id=2e4befd6-a59c-4a0b-8699-aed0e37ea133 rank=1 first_page=2048 pages=2159 heads=14 seconds=0.221651
2026-09-29 15:30:12,444 INFO sglang.srt.disaggregation.pvd.prompt_index: PVD Prompt provisional graph READY: transfer_id=2e4befd6-a59c-4a0b-8699-aed0e37ea133 rank=1 pages=2159 heads=14 rows_per_head=2159
2026-09-29 15:30:15,320 INFO sglang.srt.disaggregation.pvd.prompt_index: PVD Prompt provisional final step: transfer_id=85392e2b-7fcf-453d-90e9-b9d209f1886f rank=0 first_page=0 pages=509 heads=14 seconds=0.783380
2026-09-29 15:30:15,324 INFO sglang.srt.disaggregation.pvd.prompt_index: PVD Prompt provisional graph READY: transfer_id=85392e2b-7fcf-453d-90e9-b9d209f1886f rank=0 pages=509 heads=14 rows_per_head=509
2026-09-29 15:30:15,327 INFO sglang.srt.disaggregation.pvd.prompt_index: PVD Prompt provisional final step: transfer_id=85392e2b-7fcf-453d-90e9-b9d209f1886f rank=1 first_page=0 pages=509 heads=14 seconds=0.785514
2026-09-29 15:30:15,330 INFO sglang.srt.disaggregation.pvd.prompt_index: PVD Prompt provisional graph READY: transfer_id=85392e2b-7fcf-453d-90e9-b9d209f1886f rank=1 pages=509 heads=14 rows_per_head=509
2026-09-29 15:30:17,500 INFO sglang.srt.disaggregation.pvd.prompt_index: PVD Prompt provisional graph: transfer_id=ab57c966-19a0-49c4-90c1-33ed401292bf rank=0 pages=1024 first_page=0 heads=14 outcome=built_prefix seconds=0.905593
2026-09-29 15:30:17,672 INFO sglang.srt.disaggregation.pvd.prompt_index: PVD Prompt provisional graph: transfer_id=ab57c966-19a0-49c4-90c1-33ed401292bf rank=1 pages=1024 first_page=0 heads=14 outcome=built_prefix seconds=1.064385
2026-09-29 15:30:17,731 INFO sglang.srt.disaggregation.pvd.prompt_index: PVD Prompt provisional final step: transfer_id=ab57c966-19a0-49c4-90c1-33ed401292bf rank=0 first_page=1024 pages=1509 heads=14 seconds=0.229940
2026-09-29 15:30:17,739 INFO sglang.srt.disaggregation.pvd.prompt_index: PVD Prompt provisional graph READY: transfer_id=ab57c966-19a0-49c4-90c1-33ed401292bf rank=0 pages=1509 heads=14 rows_per_head=1509
2026-09-29 15:30:17,997 INFO sglang.srt.disaggregation.pvd.prompt_index: PVD Prompt provisional final step: transfer_id=ab57c966-19a0-49c4-90c1-33ed401292bf rank=1 first_page=1024 pages=1509 heads=14 seconds=0.324817
2026-09-29 15:30:18,005 INFO sglang.srt.disaggregation.pvd.prompt_index: PVD Prompt provisional graph READY: transfer_id=ab57c966-19a0-49c4-90c1-33ed401292bf rank=1 pages=1509 heads=14 rows_per_head=1509
2026-09-29 15:30:20,521 INFO sglang.srt.disaggregation.pvd.prompt_index: PVD Prompt provisional graph: transfer_id=14a7785a-85b8-45f4-85a1-69411755ace2 rank=1 pages=512 first_page=0 heads=14 outcome=built_prefix seconds=0.893246
2026-09-29 15:30:20,741 INFO sglang.srt.disaggregation.pvd.prompt_index: PVD Prompt provisional final step: transfer_id=14a7785a-85b8-45f4-85a1-69411755ace2 rank=1 first_page=512 pages=1009 heads=14 seconds=0.219769
2026-09-29 15:30:20,747 INFO sglang.srt.disaggregation.pvd.prompt_index: PVD Prompt provisional graph READY: transfer_id=14a7785a-85b8-45f4-85a1-69411755ace2 rank=1 pages=1009 heads=14 rows_per_head=1009
2026-09-29 15:30:20,773 INFO sglang.srt.disaggregation.pvd.prompt_index: PVD Prompt provisional graph: transfer_id=14a7785a-85b8-45f4-85a1-69411755ace2 rank=0 pages=512 first_page=0 heads=14 outcome=built_prefix seconds=1.151390
2026-09-29 15:30:21,011 INFO sglang.srt.disaggregation.pvd.prompt_index: PVD Prompt provisional final step: transfer_id=14a7785a-85b8-45f4-85a1-69411755ace2 rank=0 first_page=512 pages=1009 heads=14 seconds=0.237458
2026-09-29 15:30:21,016 INFO sglang.srt.disaggregation.pvd.prompt_index: PVD Prompt provisional graph READY: transfer_id=14a7785a-85b8-45f4-85a1-69411755ace2 rank=0 pages=1009 heads=14 rows_per_head=1009
2026-09-29 15:30:23,125 INFO sglang.srt.disaggregation.pvd.prompt_index: PVD Prompt provisional graph: transfer_id=5f22261a-d534-4eed-b243-6f7de4ccbd14 rank=0 pages=512 first_page=0 heads=14 outcome=built_prefix seconds=0.765062
2026-09-29 15:30:23,159 INFO sglang.srt.disaggregation.pvd.prompt_index: PVD Prompt provisional graph: transfer_id=5f22261a-d534-4eed-b243-6f7de4ccbd14 rank=1 pages=512 first_page=0 heads=14 outcome=built_prefix seconds=0.791197
2026-09-29 15:30:23,425 INFO sglang.srt.disaggregation.pvd.prompt_index: PVD Prompt provisional final step: transfer_id=5f22261a-d534-4eed-b243-6f7de4ccbd14 rank=0 first_page=512 pages=1009 heads=14 seconds=0.299341
2026-09-29 15:30:23,443 INFO sglang.srt.disaggregation.pvd.prompt_index: PVD Prompt provisional graph READY: transfer_id=5f22261a-d534-4eed-b243-6f7de4ccbd14 rank=0 pages=1009 heads=14 rows_per_head=1009
2026-09-29 15:30:23,527 INFO sglang.srt.disaggregation.pvd.prompt_index: PVD Prompt provisional final step: transfer_id=5f22261a-d534-4eed-b243-6f7de4ccbd14 rank=1 first_page=512 pages=1009 heads=14 seconds=0.367272
2026-09-29 15:30:23,532 INFO sglang.srt.disaggregation.pvd.prompt_index: PVD Prompt provisional graph READY: transfer_id=5f22261a-d534-4eed-b243-6f7de4ccbd14 rank=1 pages=1009 heads=14 rows_per_head=1009
2026-09-29 15:30:26,023 INFO sglang.srt.disaggregation.pvd.prompt_index: PVD Prompt provisional graph: transfer_id=5166f408-fb79-4154-a72e-84769baf2f24 rank=0 pages=1024 first_page=0 heads=14 outcome=built_prefix seconds=1.025050
2026-09-29 15:30:26,239 INFO sglang.srt.disaggregation.pvd.prompt_index: PVD Prompt provisional final step: transfer_id=5166f408-fb79-4154-a72e-84769baf2f24 rank=0 first_page=1024 pages=1509 heads=14 seconds=0.216080
2026-09-29 15:30:26,248 INFO sglang.srt.disaggregation.pvd.prompt_index: PVD Prompt provisional graph READY: transfer_id=5166f408-fb79-4154-a72e-84769baf2f24 rank=0 pages=1509 heads=14 rows_per_head=1509
2026-09-29 15:30:26,248 INFO sglang.srt.disaggregation.pvd.prompt_index: PVD Prompt provisional graph: transfer_id=5166f408-fb79-4154-a72e-84769baf2f24 rank=1 pages=1024 first_page=0 heads=14 outcome=built_prefix seconds=1.236376
2026-09-29 15:30:26,470 INFO sglang.srt.disaggregation.pvd.prompt_index: PVD Prompt provisional final step: transfer_id=5166f408-fb79-4154-a72e-84769baf2f24 rank=1 first_page=1024 pages=1509 heads=14 seconds=0.220836
2026-09-29 15:30:26,478 INFO sglang.srt.disaggregation.pvd.prompt_index: PVD Prompt provisional graph READY: transfer_id=5166f408-fb79-4154-a72e-84769baf2f24 rank=1 pages=1509 heads=14 rows_per_head=1509
2026-09-29 15:30:28,847 INFO sglang.srt.disaggregation.pvd.prompt_index: PVD Prompt provisional final step: transfer_id=17effa02-544e-450c-81b3-a323cc6740fe rank=0 first_page=0 pages=509 heads=14 seconds=0.741734
2026-09-29 15:30:28,852 INFO sglang.srt.disaggregation.pvd.prompt_index: PVD Prompt provisional graph READY: transfer_id=17effa02-544e-450c-81b3-a323cc6740fe rank=0 pages=509 heads=14 rows_per_head=509
2026-09-29 15:30:28,858 INFO sglang.srt.disaggregation.pvd.prompt_index: PVD Prompt provisional final step: transfer_id=17effa02-544e-450c-81b3-a323cc6740fe rank=1 first_page=0 pages=509 heads=14 seconds=0.745023
2026-09-29 15:30:28,861 INFO sglang.srt.disaggregation.pvd.prompt_index: PVD Prompt provisional graph READY: transfer_id=17effa02-544e-450c-81b3-a323cc6740fe rank=1 pages=509 heads=14 rows_per_head=509
2026-09-29 15:30:31,696 INFO sglang.srt.disaggregation.pvd.prompt_index: PVD Prompt provisional graph: transfer_id=a9702311-f1a8-4187-9a72-968bdfa9aaae rank=0 pages=2048 first_page=0 heads=14 outcome=built_prefix seconds=1.259746
2026-09-29 15:30:31,828 INFO sglang.srt.disaggregation.pvd.prompt_index: PVD Prompt provisional final step: transfer_id=a9702311-f1a8-4187-9a72-968bdfa9aaae rank=0 first_page=2048 pages=2159 heads=14 seconds=0.130381
2026-09-29 15:30:31,841 INFO sglang.srt.disaggregation.pvd.prompt_index: PVD Prompt provisional graph READY: transfer_id=a9702311-f1a8-4187-9a72-968bdfa9aaae rank=0 pages=2159 heads=14 rows_per_head=2159
2026-09-29 15:30:31,844 INFO sglang.srt.disaggregation.pvd.prompt_index: PVD Prompt provisional graph: transfer_id=a9702311-f1a8-4187-9a72-968bdfa9aaae rank=1 pages=2048 first_page=0 heads=14 outcome=built_prefix seconds=1.380194
2026-09-29 15:30:31,979 INFO sglang.srt.disaggregation.pvd.prompt_index: PVD Prompt provisional final step: transfer_id=a9702311-f1a8-4187-9a72-968bdfa9aaae rank=1 first_page=2048 pages=2159 heads=14 seconds=0.134403
2026-09-29 15:30:31,991 INFO sglang.srt.disaggregation.pvd.prompt_index: PVD Prompt provisional graph READY: transfer_id=a9702311-f1a8-4187-9a72-968bdfa9aaae rank=1 pages=2159 heads=14 rows_per_head=2159
2026-09-29 15:33:30,664 INFO sglang.srt.disaggregation.pvd.prompt_index: PVD Prompt provisional final step: transfer_id=54cadbc7-fb13-4caf-b859-1434f065142c rank=0 first_page=0 pages=2159 heads=14 seconds=1.370692
2026-09-29 15:33:30,676 INFO sglang.srt.disaggregation.pvd.prompt_index: PVD Prompt provisional graph READY: transfer_id=54cadbc7-fb13-4caf-b859-1434f065142c rank=0 pages=2159 heads=14 rows_per_head=2159
2026-09-29 15:33:30,706 INFO sglang.srt.disaggregation.pvd.prompt_index: PVD Prompt provisional final step: transfer_id=54cadbc7-fb13-4caf-b859-1434f065142c rank=1 first_page=0 pages=2159 heads=14 seconds=1.378976
2026-09-29 15:33:30,717 INFO sglang.srt.disaggregation.pvd.prompt_index: PVD Prompt provisional graph READY: transfer_id=54cadbc7-fb13-4caf-b859-1434f065142c rank=1 pages=2159 heads=14 rows_per_head=2159
2026-09-29 15:33:32,748 INFO sglang.srt.disaggregation.pvd.prompt_index: PVD Prompt provisional final step: transfer_id=9682708f-03be-4ad9-9821-4ff6cee79f59 rank=0 first_page=0 pages=509 heads=14 seconds=0.766130
2026-09-29 15:33:32,751 INFO sglang.srt.disaggregation.pvd.prompt_index: PVD Prompt provisional graph READY: transfer_id=9682708f-03be-4ad9-9821-4ff6cee79f59 rank=0 pages=509 heads=14 rows_per_head=509
2026-09-29 15:33:32,761 INFO sglang.srt.disaggregation.pvd.prompt_index: PVD Prompt provisional final step: transfer_id=9682708f-03be-4ad9-9821-4ff6cee79f59 rank=1 first_page=0 pages=509 heads=14 seconds=0.772888
2026-09-29 15:33:32,764 INFO sglang.srt.disaggregation.pvd.prompt_index: PVD Prompt provisional graph READY: transfer_id=9682708f-03be-4ad9-9821-4ff6cee79f59 rank=1 pages=509 heads=14 rows_per_head=509
2026-09-29 15:33:34,762 INFO sglang.srt.disaggregation.pvd.prompt_index: PVD Prompt provisional final step: transfer_id=0c62c7dc-24d1-4230-bc3d-2a8508a20819 rank=0 first_page=0 pages=1509 heads=14 seconds=1.073070
2026-09-29 15:33:34,771 INFO sglang.srt.disaggregation.pvd.prompt_index: PVD Prompt provisional graph READY: transfer_id=0c62c7dc-24d1-4230-bc3d-2a8508a20819 rank=0 pages=1509 heads=14 rows_per_head=1509
2026-09-29 15:33:34,804 INFO sglang.srt.disaggregation.pvd.prompt_index: PVD Prompt provisional final step: transfer_id=0c62c7dc-24d1-4230-bc3d-2a8508a20819 rank=1 first_page=0 pages=1509 heads=14 seconds=1.095862
2026-09-29 15:33:34,812 INFO sglang.srt.disaggregation.pvd.prompt_index: PVD Prompt provisional graph READY: transfer_id=0c62c7dc-24d1-4230-bc3d-2a8508a20819 rank=1 pages=1509 heads=14 rows_per_head=1509
2026-09-29 15:33:36,453 INFO sglang.srt.disaggregation.pvd.prompt_index: PVD Prompt provisional final step: transfer_id=96d84c3a-ed1e-4c8f-84a1-05d455e37635 rank=0 first_page=0 pages=1009 heads=14 seconds=0.884680
2026-09-29 15:33:36,459 INFO sglang.srt.disaggregation.pvd.prompt_index: PVD Prompt provisional graph READY: transfer_id=96d84c3a-ed1e-4c8f-84a1-05d455e37635 rank=0 pages=1009 heads=14 rows_per_head=1009
2026-09-29 15:33:36,478 INFO sglang.srt.disaggregation.pvd.prompt_index: PVD Prompt provisional final step: transfer_id=96d84c3a-ed1e-4c8f-84a1-05d455e37635 rank=1 first_page=0 pages=1009 heads=14 seconds=0.898016
2026-09-29 15:33:36,484 INFO sglang.srt.disaggregation.pvd.prompt_index: PVD Prompt provisional graph READY: transfer_id=96d84c3a-ed1e-4c8f-84a1-05d455e37635 rank=1 pages=1009 heads=14 rows_per_head=1009
2026-09-29 15:33:38,100 INFO sglang.srt.disaggregation.pvd.prompt_index: PVD Prompt provisional final step: transfer_id=1f18241c-359e-4e6c-8c69-2af5e7984fa4 rank=0 first_page=0 pages=1009 heads=14 seconds=0.870450
2026-09-29 15:33:38,106 INFO sglang.srt.disaggregation.pvd.prompt_index: PVD Prompt provisional graph READY: transfer_id=1f18241c-359e-4e6c-8c69-2af5e7984fa4 rank=0 pages=1009 heads=14 rows_per_head=1009
2026-09-29 15:33:38,130 INFO sglang.srt.disaggregation.pvd.prompt_index: PVD Prompt provisional final step: transfer_id=1f18241c-359e-4e6c-8c69-2af5e7984fa4 rank=1 first_page=0 pages=1009 heads=14 seconds=0.887778
2026-09-29 15:33:38,136 INFO sglang.srt.disaggregation.pvd.prompt_index: PVD Prompt provisional graph READY: transfer_id=1f18241c-359e-4e6c-8c69-2af5e7984fa4 rank=1 pages=1009 heads=14 rows_per_head=1009
2026-09-29 15:33:40,082 INFO sglang.srt.disaggregation.pvd.prompt_index: PVD Prompt provisional final step: transfer_id=72c55630-3c39-4a7f-83fb-affca7fdd195 rank=0 first_page=0 pages=1509 heads=14 seconds=1.036710
2026-09-29 15:33:40,090 INFO sglang.srt.disaggregation.pvd.prompt_index: PVD Prompt provisional graph READY: transfer_id=72c55630-3c39-4a7f-83fb-affca7fdd195 rank=0 pages=1509 heads=14 rows_per_head=1509
2026-09-29 15:33:40,124 INFO sglang.srt.disaggregation.pvd.prompt_index: PVD Prompt provisional final step: transfer_id=72c55630-3c39-4a7f-83fb-affca7fdd195 rank=1 first_page=0 pages=1509 heads=14 seconds=1.059236
2026-09-29 15:33:40,134 INFO sglang.srt.disaggregation.pvd.prompt_index: PVD Prompt provisional graph READY: transfer_id=72c55630-3c39-4a7f-83fb-affca7fdd195 rank=1 pages=1509 heads=14 rows_per_head=1509
2026-09-29 15:33:41,693 INFO sglang.srt.disaggregation.pvd.prompt_index: PVD Prompt provisional final step: transfer_id=46a9d931-44d2-4889-8cf7-c238d49057aa rank=0 first_page=0 pages=509 heads=14 seconds=0.917107
2026-09-29 15:33:41,697 INFO sglang.srt.disaggregation.pvd.prompt_index: PVD Prompt provisional graph READY: transfer_id=46a9d931-44d2-4889-8cf7-c238d49057aa rank=0 pages=509 heads=14 rows_per_head=509
2026-09-29 15:33:41,703 INFO sglang.srt.disaggregation.pvd.prompt_index: PVD Prompt provisional final step: transfer_id=46a9d931-44d2-4889-8cf7-c238d49057aa rank=1 first_page=0 pages=509 heads=14 seconds=0.922024
2026-09-29 15:33:41,706 INFO sglang.srt.disaggregation.pvd.prompt_index: PVD Prompt provisional graph READY: transfer_id=46a9d931-44d2-4889-8cf7-c238d49057aa rank=1 pages=509 heads=14 rows_per_head=509
2026-09-29 15:33:44,181 INFO sglang.srt.disaggregation.pvd.prompt_index: PVD Prompt provisional final step: transfer_id=bf8243d8-e9b0-4bf4-bf05-fe3265944094 rank=0 first_page=0 pages=2159 heads=14 seconds=1.301217
2026-09-29 15:33:44,194 INFO sglang.srt.disaggregation.pvd.prompt_index: PVD Prompt provisional graph READY: transfer_id=bf8243d8-e9b0-4bf4-bf05-fe3265944094 rank=0 pages=2159 heads=14 rows_per_head=2159
2026-09-29 15:33:44,251 INFO sglang.srt.disaggregation.pvd.prompt_index: PVD Prompt provisional final step: transfer_id=bf8243d8-e9b0-4bf4-bf05-fe3265944094 rank=1 first_page=0 pages=2159 heads=14 seconds=1.340919
2026-09-29 15:33:44,263 INFO sglang.srt.disaggregation.pvd.prompt_index: PVD Prompt provisional graph READY: transfer_id=bf8243d8-e9b0-4bf4-bf05-fe3265944094 rank=1 pages=2159 heads=14 rows_per_head=2159
2026-09-29 15:36:09,963 INFO sglang.srt.disaggregation.pvd.prompt_index: PVD Prompt provisional final step: transfer_id=3f5b9ee2-95f1-4d5e-8cd9-555dfd6efba7 rank=0 first_page=0 pages=2159 heads=14 seconds=1.394132
2026-09-29 15:36:09,975 INFO sglang.srt.disaggregation.pvd.prompt_index: PVD Prompt provisional graph READY: transfer_id=3f5b9ee2-95f1-4d5e-8cd9-555dfd6efba7 rank=0 pages=2159 heads=14 rows_per_head=2159
2026-09-29 15:36:10,005 INFO sglang.srt.disaggregation.pvd.prompt_index: PVD Prompt provisional final step: transfer_id=3f5b9ee2-95f1-4d5e-8cd9-555dfd6efba7 rank=1 first_page=0 pages=2159 heads=14 seconds=1.404817
2026-09-29 15:36:10,017 INFO sglang.srt.disaggregation.pvd.prompt_index: PVD Prompt provisional graph READY: transfer_id=3f5b9ee2-95f1-4d5e-8cd9-555dfd6efba7 rank=1 pages=2159 heads=14 rows_per_head=2159
2026-09-29 15:36:12,265 INFO sglang.srt.disaggregation.pvd.prompt_index: PVD Prompt provisional final step: transfer_id=e79e9ed0-3318-408f-bc74-d31fcd8545f6 rank=0 first_page=0 pages=509 heads=14 seconds=0.956131
2026-09-29 15:36:12,268 INFO sglang.srt.disaggregation.pvd.prompt_index: PVD Prompt provisional graph READY: transfer_id=e79e9ed0-3318-408f-bc74-d31fcd8545f6 rank=0 pages=509 heads=14 rows_per_head=509
2026-09-29 15:36:12,277 INFO sglang.srt.disaggregation.pvd.prompt_index: PVD Prompt provisional final step: transfer_id=e79e9ed0-3318-408f-bc74-d31fcd8545f6 rank=1 first_page=0 pages=509 heads=14 seconds=0.961417
2026-09-29 15:36:12,280 INFO sglang.srt.disaggregation.pvd.prompt_index: PVD Prompt provisional graph READY: transfer_id=e79e9ed0-3318-408f-bc74-d31fcd8545f6 rank=1 pages=509 heads=14 rows_per_head=509
2026-09-29 15:36:14,273 INFO sglang.srt.disaggregation.pvd.prompt_index: PVD Prompt provisional final step: transfer_id=d290217c-8fc7-441b-aebb-4e6e66efb389 rank=0 first_page=0 pages=1509 heads=14 seconds=1.083964
2026-09-29 15:36:14,282 INFO sglang.srt.disaggregation.pvd.prompt_index: PVD Prompt provisional graph READY: transfer_id=d290217c-8fc7-441b-aebb-4e6e66efb389 rank=0 pages=1509 heads=14 rows_per_head=1509
2026-09-29 15:36:14,301 INFO sglang.srt.disaggregation.pvd.prompt_index: PVD Prompt provisional final step: transfer_id=d290217c-8fc7-441b-aebb-4e6e66efb389 rank=1 first_page=0 pages=1509 heads=14 seconds=1.093855
2026-09-29 15:36:14,309 INFO sglang.srt.disaggregation.pvd.prompt_index: PVD Prompt provisional graph READY: transfer_id=d290217c-8fc7-441b-aebb-4e6e66efb389 rank=1 pages=1509 heads=14 rows_per_head=1509
2026-09-29 15:36:17,075 INFO sglang.srt.disaggregation.pvd.prompt_index: PVD Prompt provisional final step: transfer_id=ba1a4175-27db-49c4-8054-02d426a0ae78 rank=0 first_page=0 pages=1009 heads=14 seconds=1.055717
2026-09-29 15:36:17,081 INFO sglang.srt.disaggregation.pvd.prompt_index: PVD Prompt provisional graph READY: transfer_id=ba1a4175-27db-49c4-8054-02d426a0ae78 rank=0 pages=1009 heads=14 rows_per_head=1009
2026-09-29 15:36:17,104 INFO sglang.srt.disaggregation.pvd.prompt_index: PVD Prompt provisional final step: transfer_id=ba1a4175-27db-49c4-8054-02d426a0ae78 rank=1 first_page=0 pages=1009 heads=14 seconds=1.071940
2026-09-29 15:36:17,110 INFO sglang.srt.disaggregation.pvd.prompt_index: PVD Prompt provisional graph READY: transfer_id=ba1a4175-27db-49c4-8054-02d426a0ae78 rank=1 pages=1009 heads=14 rows_per_head=1009
2026-09-29 15:36:18,823 INFO sglang.srt.disaggregation.pvd.prompt_index: PVD Prompt provisional final step: transfer_id=2b10ae5c-a4f8-4d6e-8d69-975a5d90b373 rank=0 first_page=0 pages=1009 heads=14 seconds=0.939345
2026-09-29 15:36:18,830 INFO sglang.srt.disaggregation.pvd.prompt_index: PVD Prompt provisional graph READY: transfer_id=2b10ae5c-a4f8-4d6e-8d69-975a5d90b373 rank=0 pages=1009 heads=14 rows_per_head=1009
2026-09-29 15:36:18,850 INFO sglang.srt.disaggregation.pvd.prompt_index: PVD Prompt provisional final step: transfer_id=2b10ae5c-a4f8-4d6e-8d69-975a5d90b373 rank=1 first_page=0 pages=1009 heads=14 seconds=0.953987
2026-09-29 15:36:18,857 INFO sglang.srt.disaggregation.pvd.prompt_index: PVD Prompt provisional graph READY: transfer_id=2b10ae5c-a4f8-4d6e-8d69-975a5d90b373 rank=1 pages=1009 heads=14 rows_per_head=1009
2026-09-29 15:36:20,785 INFO sglang.srt.disaggregation.pvd.prompt_index: PVD Prompt provisional final step: transfer_id=faaf1300-7d1f-4532-870f-eb2cdeb3f1aa rank=0 first_page=0 pages=1509 heads=14 seconds=1.046048
2026-09-29 15:36:20,795 INFO sglang.srt.disaggregation.pvd.prompt_index: PVD Prompt provisional graph READY: transfer_id=faaf1300-7d1f-4532-870f-eb2cdeb3f1aa rank=0 pages=1509 heads=14 rows_per_head=1509
2026-09-29 15:36:20,816 INFO sglang.srt.disaggregation.pvd.prompt_index: PVD Prompt provisional final step: transfer_id=faaf1300-7d1f-4532-870f-eb2cdeb3f1aa rank=1 first_page=0 pages=1509 heads=14 seconds=1.059066
2026-09-29 15:36:20,825 INFO sglang.srt.disaggregation.pvd.prompt_index: PVD Prompt provisional graph READY: transfer_id=faaf1300-7d1f-4532-870f-eb2cdeb3f1aa rank=1 pages=1509 heads=14 rows_per_head=1509
2026-09-29 15:36:23,114 INFO sglang.srt.disaggregation.pvd.prompt_index: PVD Prompt provisional final step: transfer_id=cfb2296f-18ae-4a50-b77d-b4d1ab4b5e88 rank=0 first_page=0 pages=509 heads=14 seconds=0.796015
2026-09-29 15:36:23,117 INFO sglang.srt.disaggregation.pvd.prompt_index: PVD Prompt provisional graph READY: transfer_id=cfb2296f-18ae-4a50-b77d-b4d1ab4b5e88 rank=0 pages=509 heads=14 rows_per_head=509
2026-09-29 15:36:23,148 INFO sglang.srt.disaggregation.pvd.prompt_index: PVD Prompt provisional final step: transfer_id=cfb2296f-18ae-4a50-b77d-b4d1ab4b5e88 rank=1 first_page=0 pages=509 heads=14 seconds=0.821413
2026-09-29 15:36:23,151 INFO sglang.srt.disaggregation.pvd.prompt_index: PVD Prompt provisional graph READY: transfer_id=cfb2296f-18ae-4a50-b77d-b4d1ab4b5e88 rank=1 pages=509 heads=14 rows_per_head=509
2026-09-29 15:36:25,917 INFO sglang.srt.disaggregation.pvd.prompt_index: PVD Prompt provisional final step: transfer_id=a542f047-63ad-4ffe-ac24-d562458dd2de rank=0 first_page=0 pages=2159 heads=14 seconds=1.626185
2026-09-29 15:36:25,930 INFO sglang.srt.disaggregation.pvd.prompt_index: PVD Prompt provisional graph READY: transfer_id=a542f047-63ad-4ffe-ac24-d562458dd2de rank=0 pages=2159 heads=14 rows_per_head=2159
2026-09-29 15:36:25,949 INFO sglang.srt.disaggregation.pvd.prompt_index: PVD Prompt provisional final step: transfer_id=a542f047-63ad-4ffe-ac24-d562458dd2de rank=1 first_page=0 pages=2159 heads=14 seconds=1.627387
2026-09-29 15:36:25,960 INFO sglang.srt.disaggregation.pvd.prompt_index: PVD Prompt provisional graph READY: transfer_id=a542f047-63ad-4ffe-ac24-d562458dd2de rank=1 pages=2159 heads=14 rows_per_head=2159
